exports[`HeaderNavigation HeaderNavigation renders correctly 1`] = `
<nav
  className="navbar navbar-default navbar-fixed-top">
  <div
    className="container">
    <div
      className="navbar-header">
      <a
        className="navbar-brand"
        onClick={[Function]}
        style={Object {}}>
        ReactWeather
      </a>
      <button
        className="navbar-toggle collapsed"
        onClick={[Function]}
        type="button">
        <span
          className="sr-only">
          Toggle navigation
        </span>
        <span
          className="icon-bar" />
        <span
          className="icon-bar" />
        <span
          className="icon-bar" />
      </button>
    </div>
  </div>
</nav>
`;
